生成日期：20241216142648(当前工程Id:0112, 用户：pyf)
针对表:01120895(ge_StructureGraph)
针对表:01120882(ge_UserBadgeTtl)
针对表:01120684(gs_TeachingDate)
针对表:01120131(StudentInfo)
针对表:01120978(StuPerfAnalysis)
针对表:01120872(gs_KnowledgesLogic)
针对表:01120974(GameBottle)
针对表:01120977(ClassPerfAnalysis)
针对表:01120870(gs_KnowledgesLogicRela)
针对表:01120128(vCurrEduClsTeacher)
针对表:01120066(vXzMajor)
针对表:01120871(gs_RelaType)
针对表:01120065(XzMajor)
针对表:01120552(XzMajorDirection)
针对表:01120093(TeacherInfo)
针对表:01120207(tz_ContentAttachment)
针对表:01120032(UserAnswerResult)
针对表:01120188(QuestionOptions)
针对表:01120001(Questionnaire)
针对表:01120320(Resource)
针对表:01120280(MessagePush)
针对表:01120154(LearnMode)
针对表:01120702(gs_ReflectLog)
针对表:01120891(KnowledgeMasterLevel)
针对表:01120890(KnowledgeType)
针对表:01120385(PubClassCase)
针对表:01120510(PubTeachCaseRelaInfoType)
针对表:01120153(KnowledgeLearnDetail)
针对表:01120357(LoginLog)
针对表:01120971(JxTeachPlanKnowledge)
针对表:01120942(ge_UserLevelScore)
针对表:01120896(ge_StructureSection)
针对表:01120910(ge_InspectProcess)
针对表:01120881(ge_UserBadgeLog)
针对表:01120892(ge_KnowledgesUserMaster)
针对表:01120883(ge_UserCreditsLog)
针对表:01120962(ge_KnowledgesClsMaster)
针对表:01120873(gs_KnowledgesGraph)
针对表:01120960(ge_KMLearningGoals)
针对表:01120155(KnowledgeLearnTotal)
针对表:01120887(ge_StuErrorLib)
针对表:01120884(ge_UserCreditsTtl)
针对表:01120938(ge_GameLevelEduClsRela)
针对表:01120899(ge_EventType)
针对表:01120973(cc_KnowledgeStuTeachLog)
针对表:01120914(ge_ControlAttribute)
针对表:01120082(cc_CourseKnowledges)
针对表:01120900(ge_ControlType)
针对表:01120315(Discipline)
针对表:01120885(ge_StuBatchQuesRela)
针对表:01120897(ge_InspectionResults)
针对表:01120904(ge_GameLevel)
针对表:01120898(ge_ExaminationCriteria)
针对表:01120124(CurrEduClsTeacher)
针对表:01120235(cc_ExamPaperStuRelation)
针对表:01120140(cc_KnowledgesExamLibRela)
针对表:01120002(Answer)
针对表:01120056(cc_Course)
针对表:01120880(BadgeType)
针对表:01120071(cc_CourseExamPaper)
针对表:01120076(cc_CourseExamPaperRelationship)
针对表:01120239(cc_ExamPaperStuBatchRela)
针对表:01120901(ge_StructureSectionType)
针对表:01120687(vgs_TeachingDate)
针对表:01120959(cc_KnowledgeModules)
针对表:01120968(JxTeachingPlan)
针对表:01120913(ge_GameLevelChapterRela)
针对表:01120060(cc_CourseChapter)
针对表:01120127(vCurrEduClsStu)
针对表:01120125(CurrEduClsStu)
针对表:01120123(CurrEduCls)
针对表:01120126(vCurrEduCls)
共计生成文件数:0(共计表:72).
