生成日期：20241114051501(当前工程Id:0112, 用户：pyf)
针对界面:01120253(JxTeachingPlanCRUD,教学计划维护)
界面:01120253(JxTeachingPlanCRUD,教学计划维护)有输入、输出相关表如下(表数:1):
1、表:01120968(JxTeachingPlan)
针对界面:01120254(JxTeachPlanKnowledgeCRUD,教学计划知识点维护)
界面:01120254(JxTeachPlanKnowledgeCRUD,教学计划知识点维护)有输入、输出相关表如下(表数:1):
1、表:01120971(JxTeachPlanKnowledge)
针对界面:01120242(LoginLogCRUD,登录日志维护)
界面:01120242(LoginLogCRUD,登录日志维护)有输入、输出相关表如下(表数:1):
1、表:01120357(LoginLog)
针对界面:01120072(cc_CourseCRUD,课程CRUD)
界面:01120072(cc_CourseCRUD,课程CRUD)有输入、输出相关表如下(表数:2):
1、表:01120056(cc_Course)
1、表:01120058(vcc_Course)
针对界面:01120117(XzMajorCRUD,专业CRUD)
界面:01120117(XzMajorCRUD,专业CRUD)有输入、输出相关表如下(表数:2):
1、表:01120065(XzMajor)
1、表:01120066(vXzMajor)
针对界面:01120184(gs_RelaTypeCRUD,知识点关系类型表CRUD)
界面:01120184(gs_RelaTypeCRUD,知识点关系类型表CRUD)有输入、输出相关表如下(表数:1):
1、表:01120871(gs_RelaType)
针对界面:01120187(LearnModeCRUD,学习模式CRUD)
界面:01120187(LearnModeCRUD,学习模式CRUD)有输入、输出相关表如下(表数:1):
1、表:01120154(LearnMode)
针对界面:01120202(TeachCaseRelaInfoCRUD,案例相关信息CRUD)
界面:01120202(TeachCaseRelaInfoCRUD,案例相关信息CRUD)有输入、输出相关表如下(表数:1):
1、表:01120513(TeachCaseRelaInfo)
针对界面:01120203(MicroTeachCaseRelaInfoCRUD,微格案例相关信息CRUD)
界面:01120203(MicroTeachCaseRelaInfoCRUD,微格案例相关信息CRUD)有输入、输出相关表如下(表数:1):
1、表:01120318(MicroTeachCaseRelaInfo)
针对界面:01120204(PubTeachCaseRelaInfoCRUD,公开课案例相关信息CRUD)
界面:01120204(PubTeachCaseRelaInfoCRUD,公开课案例相关信息CRUD)有输入、输出相关表如下(表数:1):
1、表:01120409(PubTeachCaseRelaInfo)
针对界面:01120205(ResourceCRUD,资源CRUD)
界面:01120205(ResourceCRUD,资源CRUD)有输入、输出相关表如下(表数:1):
1、表:01120320(Resource)
针对界面:01120206(BadgeTypeCRUD,徽章类型CRUD)
界面:01120206(BadgeTypeCRUD,徽章类型CRUD)有输入、输出相关表如下(表数:1):
1、表:01120880(BadgeType)
针对界面:01120215(KnowledgeMasterLevelCRUD,知识点掌握度CRUD)
界面:01120215(KnowledgeMasterLevelCRUD,知识点掌握度CRUD)有输入、输出相关表如下(表数:1):
1、表:01120891(KnowledgeMasterLevel)
针对界面:01120220(ge_InspectionResultsCRUD,编程检查结果表CRUD)
界面:01120220(ge_InspectionResultsCRUD,编程检查结果表CRUD)有输入、输出相关表如下(表数:1):
1、表:01120897(ge_InspectionResults)
针对界面:01120222(ge_ControlTypeCRUD,控件类型CRUD)
界面:01120222(ge_ControlTypeCRUD,控件类型CRUD)有输入、输出相关表如下(表数:1):
1、表:01120900(ge_ControlType)
针对界面:01120223(ge_EventTypeCRUD,事件类型表CRUD)
界面:01120223(ge_EventTypeCRUD,事件类型表CRUD)有输入、输出相关表如下(表数:1):
1、表:01120899(ge_EventType)
针对界面:01120230(ge_ControlAttributeCRUD,属性表CRUD)
界面:01120230(ge_ControlAttributeCRUD,属性表CRUD)有输入、输出相关表如下(表数:1):
1、表:01120914(ge_ControlAttribute)
针对界面:01120256(GameBottleCRUD,GameBottle维护)
界面:01120256(GameBottleCRUD,GameBottle维护)有输入、输出相关表如下(表数:1):
1、表:01120974(GameBottle)
针对界面:01120255(cc_KnowledgeStuTeachLogCRUD,cc_KnowledgeStuTeachLog维护)
界面:01120255(cc_KnowledgeStuTeachLogCRUD,cc_KnowledgeStuTeachLog维护)有输入、输出相关表如下(表数:1):
1、表:01120973(cc_KnowledgeStuTeachLog)
针对界面:01120118(CurrEduClsCRUD,当前教学班CRUD)
界面:01120118(CurrEduClsCRUD,当前教学班CRUD)有输入、输出相关表如下(表数:2):
1、表:01120123(CurrEduCls)
1、表:01120126(vCurrEduCls)
针对界面:01120119(CurrEduClsTeacherCRUD,当前教学班教师CRUD)
界面:01120119(CurrEduClsTeacherCRUD,当前教学班教师CRUD)有输入、输出相关表如下(表数:2):
1、表:01120124(CurrEduClsTeacher)
1、表:01120128(vCurrEduClsTeacher)
针对界面:01120075(CurrEduClsStuCRUD,教学班与学生关系表CRUD)
界面:01120075(CurrEduClsStuCRUD,教学班与学生关系表CRUD)有输入、输出相关表如下(表数:2):
1、表:01120125(CurrEduClsStu)
1、表:01120127(vCurrEduClsStu)
针对界面:01120122(TeacherInfoCRUD,教师CRUD)
界面:01120122(TeacherInfoCRUD,教师CRUD)有输入、输出相关表如下(表数:1):
1、表:01120093(TeacherInfo)
共计生成文件数:253(共计：253个界面文件, 0个表文件)(界面数:23, 相关表数:28).
