生成日期：20250101224112(当前工程Id:0112, 用户：pyf)
针对表:01120121(FuncModule)
针对表:01120056(cc_Course)
针对表:01120904(ge_GameLevel)
针对表:01120125(CurrEduClsStu)
针对表:01120060(cc_CourseChapter)
针对表:01120959(cc_KnowledgeModules)
针对表:01120082(cc_CourseKnowledges)
针对表:01120071(cc_CourseExamPaper)
针对表:01120890(KnowledgeType)
针对表:01120093(TeacherInfo)
针对表:01120945(vStudentInfo_Sim)
针对表:01120349(XzGrade)
针对表:01120129(XzGradeBase)
针对表:01120064(XzClg)
针对表:01120094(vTeacherInfo)
针对表:01120258(QxUsers)
针对表:01120103(Sex)
针对表:01120907(ge_LevelModeType)
针对表:01120905(ge_DifficultyLevel)
针对表:01120325(FileServer)
针对表:01120326(FtpResource)
针对表:01120194(XzAdminCls)
针对表:01120034(Users)
针对表:01120027(vUsers)
针对表:01120951(vCurrEduCls_Sim)
共计生成文件数:0(共计表:25).
