生成日期：20241114035320(当前工程Id:0112, 用户：pyf)
针对表:01120002(Answer)
针对表:01120003(AnswerMode)
针对表:01120004(AnswerType)
针对表:01120967(AssessmentMethods)
针对表:01120880(BadgeType)
针对表:01120972(BigConcept)
针对表:01120975(BottleState)
针对表:01120688(CacheMode)
针对表:01120689(CacheUseState)
针对表:01120298(CaseLevel)
针对表:01120310(CaseType)
针对表:01120056(cc_Course)
针对表:01120060(cc_CourseChapter)
针对表:01120071(cc_CourseExamPaper)
针对表:01120076(cc_CourseExamPaperRelationship)
针对表:01120082(cc_CourseKnowledges)
针对表:01120150(cc_CourseStudentRelation)
针对表:01120097(cc_CourseTeacherRelation)
针对表:01120057(cc_CourseType)
针对表:01120239(cc_ExamPaperStuBatchRela)
针对表:01120235(cc_ExamPaperStuRelation)
针对表:01120074(cc_ExamPaperType)
针对表:01120062(cc_ExcellentType)
针对表:01120959(cc_KnowledgeModules)
针对表:01120140(cc_KnowledgesExamLibRela)
针对表:01120973(cc_KnowledgeStuTeachLog)
针对表:01120073(cc_PaperDispMode)
针对表:01120077(cc_PapersBigTopic)
针对表:01120145(cc_WorkStuRelation)
针对表:01120576(ClsRmType)
针对表:01120211(ContentType)
针对表:01120274(CourseLearningCase)
针对表:01120275(CourseLearningCaseType)
针对表:01120123(CurrEduCls)
针对表:01120125(CurrEduClsStu)
针对表:01120124(CurrEduClsTeacher)
针对表:01120315(Discipline)
针对表:01120279(FeedBack)
针对表:01120325(FileServer)
针对表:01120326(FtpResource)
针对表:01120121(FuncModule)
针对表:01120974(GameBottle)
针对表:01120914(ge_ControlAttribute)
针对表:01120900(ge_ControlType)
针对表:01120905(ge_DifficultyLevel)
针对表:01120899(ge_EventType)
针对表:01120898(ge_ExaminationCriteria)
针对表:01120902(ge_ExaminationType)
针对表:01120904(ge_GameLevel)
针对表:01120938(ge_GameLevelEduClsRela)
针对表:01120897(ge_InspectionResults)
针对表:01120910(ge_InspectProcess)
针对表:01120960(ge_KMLearningGoals)
针对表:01120962(ge_KnowledgesClsMaster)
针对表:01120892(ge_KnowledgesUserMaster)
针对表:01120907(ge_LevelModeType)
针对表:01120912(ge_LogicChartSubmitResults)
针对表:01120911(ge_OperationType)
针对表:01120909(ge_QuestionKnowledgeGraphRela)
针对表:01120906(ge_QuestionStructureGraphRela)
针对表:01120894(ge_StructureChartNode)
针对表:01120895(ge_StructureGraph)
针对表:01120896(ge_StructureSection)
针对表:01120903(ge_StructureSubmitResults)
针对表:01120885(ge_StuBatchQuesRela)
针对表:01120887(ge_StuErrorLib)
针对表:01120881(ge_UserBadgeLog)
针对表:01120882(ge_UserBadgeTtl)
针对表:01120883(ge_UserCreditsLog)
针对表:01120884(ge_UserCreditsTtl)
针对表:01120942(ge_UserLevelScore)
针对表:01120873(gs_KnowledgesGraph)
针对表:01120888(gs_KnowledgesGraphType)
针对表:01120872(gs_KnowledgesLogic)
针对表:01120889(gs_KnowledgesLogic_User)
针对表:01120870(gs_KnowledgesLogicRela)
针对表:01120702(gs_ReflectLog)
针对表:01120871(gs_RelaType)
针对表:01120877(gs_StructureChartNode)
针对表:01120683(gs_TotalDataStatistics)
针对表:01120685(gs_TotalDataType)
针对表:01120968(JxTeachingPlan)
针对表:01120971(JxTeachPlanKnowledge)
针对表:01120136(KcCrsType)
针对表:01120347(KcEduWay)
针对表:01120153(KnowledgeLearnDetail)
针对表:01120155(KnowledgeLearnTotal)
针对表:01120891(KnowledgeMasterLevel)
针对表:01120893(KnowledgeMasterType)
针对表:01120890(KnowledgeType)
针对表:01120154(LearnMode)
针对表:01120357(LoginLog)
针对表:01120280(MessagePush)
针对表:01120322(MicroteachCase)
针对表:01120318(MicroTeachCaseRelaInfo)
针对表:01120317(MicroTeachCaseRelaInfoType)
针对表:01120908(PageDispMode)
针对表:01120133(Pk2EduClsTeacherType)
针对表:01120231(PlatDefaRole)
针对表:01120385(PubClassCase)
针对表:01120409(PubTeachCaseRelaInfo)
针对表:01120510(PubTeachCaseRelaInfoType)
针对表:01120640(qa_Push)
针对表:01120001(Questionnaire)
针对表:01120006(QuestionnaireBatch)
针对表:01120007(QuestionnaireSet)
针对表:01120188(QuestionOptions)
针对表:01120008(QuestionType)
针对表:01120924(QxDepartmentInfo)
针对表:01120925(QxDepartmentType)
针对表:01120921(QxProjects)
针对表:01120957(QxRoleRightRelation)
针对表:01120922(QxUserIdentity)
针对表:01120481(QxUserRoleRelation)
针对表:01120258(QxUsers)
针对表:01120926(QxUserState)
针对表:01120295(RecommendedDegree)
针对表:01120320(Resource)
针对表:01120089(ResourceType)
针对表:01120111(RsAdminGrade)
针对表:01120105(RsEthnic)
针对表:01120110(RsPolitics)
针对表:01120104(RsProfGrade)
针对表:01120101(RsStaffType)
针对表:01120162(RsStuType)
针对表:01120135(SchoolTerm)
针对表:01120134(SchoolYear)
针对表:01120297(SenateGaugeVersion)
针对表:01120103(Sex)
针对表:01120185(SourceType)
针对表:01120131(StudentInfo)
针对表:01120970(SubmitStatus)
针对表:01120622(SysComment)
针对表:01120623(SysCommentType)
针对表:01120936(SysDefaValName)
针对表:01120628(SysScoreSummary)
针对表:01120383(TeachCase)
针对表:01120513(TeachCaseRelaInfo)
针对表:01120512(TeachCaseRelaInfoType)
针对表:01120093(TeacherInfo)
针对表:01120377(TeachingCaseResCase)
针对表:01120514(TeachingCaseResCaseType)
针对表:01120966(TeachingMethods)
针对表:01120137(TeachingSolution)
针对表:01120313(TeachSkill)
针对表:01120207(tz_ContentAttachment)
针对表:01120032(UserAnswerResult)
针对表:01120203(UserDefaValue)
针对表:01120034(Users)
针对表:01120194(XzAdminCls)
针对表:01120195(XzAdminClsType)
针对表:01120064(XzClg)
针对表:01120349(XzGrade)
针对表:01120129(XzGradeBase)
针对表:01120065(XzMajor)
针对表:01120552(XzMajorDirection)
针对表:01120632(XzMajorShoolType)
针对表:01120029(XzSchool)
针对表:01120095(XzUniZone)
共计生成文件数:0(共计表:159).
