生成日期：20241113060338(当前工程Id:0112, 用户：pyf)
针对表:01120140(cc_KnowledgesExamLibRela)
针对表:01120975(BottleState)
针对表:01120973(cc_KnowledgeStuTeachLog)
针对表:01120095(XzUniZone)
针对表:01120129(XzGradeBase)
针对表:01120029(XzSchool)
针对表:01120067(XzDegreeType)
针对表:01120068(XzMajorType)
针对表:01120194(XzAdminCls)
针对表:01120195(XzAdminClsType)
针对表:01120064(XzClg)
针对表:01120349(XzGrade)
针对表:01120123(CurrEduCls)
针对表:01120124(CurrEduClsTeacher)
针对表:01120125(CurrEduClsStu)
针对表:01120065(XzMajor)
针对表:01120093(TeacherInfo)
针对表:01120886(QuestionnaireAddi)
针对表:01120002(Answer)
针对表:01120122(CaseCourseExamRela)
针对表:01120091(cc_CourseExamPaperUserExamsLog)
针对表:01120076(cc_CourseExamPaperRelationship)
针对表:01120341(QuestionRefer)
针对表:01120188(QuestionOptions)
针对表:01120001(Questionnaire)
针对表:01120012(ClassifyGatherField)
针对表:01120032(UserAnswerResult)
针对表:01120352(CheckVoiceTab)
针对表:01120909(ge_QuestionKnowledgeGraphRela)
针对表:01120885(ge_StuBatchQuesRela)
针对表:01120887(ge_StuErrorLib)
针对表:01120145(cc_WorkStuRelation)
针对表:01120164(cc_WorkEduClsRela)
针对表:01120182(cc_WorkStuRelation4Correct)
针对表:01120184(cc_WorkStuRelation4ErrorLib)
针对表:01120190(cc_WorkCorrectKeyWork)
针对表:01120240(cc_PaperStuBatchQuesRela)
针对表:01120223(cc_WorkStuRelation4GoodLib)
针对表:01120897(ge_InspectionResults)
针对表:01120898(ge_ExaminationCriteria)
针对表:01120910(ge_InspectProcess)
错误：strVersion(版本)不能为空.(from AGC4WApi.clsLog4GeneTabCodeExWApi:AddLog4GeneTabCode)生成表:[ge_InspectProcess(01120910)]时.(System.Threading.ExecutionContext:RunInternal->System.Threading.ThreadHelper:ThreadStart_Context->Agc_CsWin.clsGeneCode_Local:GeneAllCheckedTableThreeLayer).
针对表:01120906(ge_QuestionStructureGraphRela)
针对表:01120008(QuestionType)
针对表:01120972(BigConcept)
针对表:01120150(cc_CourseStudentRelation)
针对表:01120333(cc_CourseSchoolRelation)
针对表:01120097(cc_CourseTeacherRelation)
针对表:01120057(cc_CourseType)
针对表:01120071(cc_CourseExamPaper)
针对表:01120202(cc_CourseIsLike)
针对表:01120056(cc_Course)
针对表:01120082(cc_CourseKnowledges)
针对表:01120060(cc_CourseChapter)
针对表:01120006(QuestionnaireBatch)
针对表:01120007(QuestionnaireSet)
针对表:01120970(SubmitStatus)
针对表:01120971(JxTeachPlanKnowledge)
针对表:01120967(AssessmentMethods)
针对表:01120968(JxTeachingPlan)
针对表:01120261(VideoLib)
针对表:01120966(TeachingMethods)
针对表:01120034(Users)
针对表:01120535(Paper)
针对表:01120557(LiteratureType)
针对表:01120212(StudyLevel)
针对表:01120965(PaperSubResType)
针对表:01120963(PaperSubRes)
针对表:01120964(PaperResRela)
针对表:01120579(PaperSubAttachment)
针对表:01120955(RTViewpoint)
针对表:01120258(QxUsers)
针对表:01120714(gs_Tags)
针对表:01120962(ge_KnowledgesClsMaster)
针对表:01120904(ge_GameLevel)
针对表:01120702(gs_ReflectLog)
针对表:01120960(ge_KMLearningGoals)
针对表:01120892(ge_KnowledgesUserMaster)
针对表:01120959(cc_KnowledgeModules)
针对表:01120131(StudentInfo)
针对表:01120534(PaperSubViewpoint)
针对表:01120369(MicroteachCase_Resource_Rel)
针对表:01120207(tz_ContentAttachment)
针对表:01120153(KnowledgeLearnDetail)
针对表:01120155(KnowledgeLearnTotal)
针对表:01120891(KnowledgeMasterLevel)
针对表:01120154(LearnMode)
针对表:01120310(CaseType)
针对表:01120872(gs_KnowledgesLogic)
针对表:01120089(ResourceType)
针对表:01120896(ge_StructureSection)
针对表:01120958(gs_VpClassification)
针对表:01120777(gs_VpClassificationRela)
针对表:01120546(ResearchTopic)
针对表:01120688(CacheMode)
针对表:01120929(AcademicJournals)
针对表:01120921(QxProjects)
针对表:01120957(QxRoleRightRelation)
针对表:01120210(Parameters)
针对表:01120044(UserGroupRelation)
针对表:01120920(QxRoles)
针对表:01120105(RsEthnic)
针对表:01120104(RsProfGrade)
针对表:01120101(RsStaffType)
针对表:01120111(RsAdminGrade)
针对表:01120110(RsPolitics)
针对表:01120922(QxUserIdentity)
针对表:01120940(CommonDataNode)
针对表:01120035(UserState)
针对表:01120926(QxUserState)
针对表:01120623(SysCommentType)
针对表:01120542(Viewpoint)
针对表:01120613(TopicObjective)
针对表:01120644(SysSocialRelations)
针对表:01120646(SysSkill)
针对表:01120582(RTUserRela)
针对表:01120552(XzMajorDirection)
针对表:01120037(DepartmentInfo)
针对表:01120103(Sex)
针对表:01120576(ClsRmType)
针对表:01120136(KcCrsType)
针对表:01120574(EduClsStuState)
针对表:01120927(CurrEduCls_Syn)
针对表:01120162(RsStuType)
针对表:01120180(CurrEduClsStu4Correct)
针对表:01120345(CjScoreType)
针对表:01120348(KsExamType)
针对表:01120358(CurrEduCls4Synch)
针对表:01120359(CurrEduClsStu4Synch)
针对表:01120952(Aqa_QuestionsEx)
针对表:01120573(KcWkStatus)
针对表:01120133(Pk2EduClsTeacherType)
针对表:01120233(cc_ExamPaperEduClsRela)
针对表:01120367(XzGrade_ps)
针对表:01120602(Concept)
针对表:01120685(gs_TotalDataType)
针对表:01120689(CacheUseState)
针对表:01120888(gs_KnowledgesGraphType)
针对表:01120890(KnowledgeType)
针对表:01120871(gs_RelaType)
针对表:01120873(gs_KnowledgesGraph)
针对表:01120905(ge_DifficultyLevel)
针对表:01120907(ge_LevelModeType)
针对表:01120684(gs_TeachingDate)
针对表:01120632(XzMajorShoolType)
针对表:01120953(QxPrjUserRelation)
针对表:01120558(Section)
针对表:01120641(qa_Answer)
针对表:01120675(gs_PaperType)
针对表:01120919(PaperEduClsRela)
针对表:01120658(RTSysSkillRela)
针对表:01120620(RTResearchResult)
针对表:01120605(RTConceptRela)
针对表:01120776(gs_TobeStudiedProblem)
针对表:01120780(gs_ResearchResult)
针对表:01120770(gs_MeetingMinutes)
针对表:01120629(SysScoreWeight)
针对表:01120274(CourseLearningCase)
针对表:01120377(TeachingCaseResCase)
针对表:01120554(MajorDirectionPaperRela)
针对表:01120615(RTTopicObjectiveRela)
针对表:01120645(SysSocialRelationsVer)
针对表:01120754(TSysPara_JT)
针对表:01120245(StudentInfo_JT)
针对表:01120539(MajorCourseRela)
针对表:01120375(FtpResourceFileResRela)
针对表:01120187(cc_Answer4Work)
针对表:01120239(cc_ExamPaperStuBatchRela)
针对表:01120243(cc_PaperStuBatchQuesRela_Total)
针对表:01120074(cc_ExamPaperType)
针对表:01120134(SchoolYear)
针对表:01120946(CmPrjIdUserIdRela)
针对表:01120357(LoginLog)
针对表:01120062(cc_ExcellentType)
针对表:01120137(TeachingSolution)
针对表:01120895(ge_StructureGraph)
针对表:01120870(gs_KnowledgesLogicRela)
针对表:01120938(ge_GameLevelEduClsRela)
针对表:01120639(SysVote)
针对表:01120279(FeedBack)
针对表:01120284(MessagePushUsersRelation)
针对表:01120678(gs_PaperVer)
针对表:01120931(JournalSubjectCategory)
针对表:01120581(RTPaperRela)
针对表:01120604(ConceptCitation)
针对表:01120696(gs_RTqa_PaperRela)
针对表:01120908(PageDispMode)
针对表:01120003(AnswerMode)
针对表:01120004(AnswerType)
针对表:01120010(UserRoles)
针对表:01120031(TextDirect)
针对表:01120135(SchoolTerm)
针对表:01120211(ContentType)
针对表:01120231(PlatDefaRole)
针对表:01120298(CaseLevel)
针对表:01120339(QuestionType4Course)
针对表:01120215(QuestionMarkStatus)
针对表:01120217(QuestionStuFinishedStatus)
针对表:01120936(SysDefaValName)
针对表:01120203(UserDefaValue)
针对表:01120437(CaseExerciseRela)
针对表:01120917(ge_ConnectLookChartNode)
针对表:01120918(ge_ConnectLookNodeRela)
针对表:01120912(ge_LogicChartSubmitResults)
针对表:01120903(ge_StructureSubmitResults)
针对表:01120889(gs_KnowledgesLogic_User)
针对表:01120893(KnowledgeMasterType)
针对表:01120894(ge_StructureChartNode)
针对表:01120877(gs_StructureChartNode)
针对表:01120878(gs_StructureChart)
针对表:01120090(cc_CourseExamPaperUserLog)
针对表:01120070(cc_ExamGrade)
针对表:01120073(cc_PaperDispMode)
针对表:01120077(cc_PapersBigTopic)
针对表:01120318(MicroTeachCaseRelaInfo)
针对表:01120320(Resource)
针对表:01120347(KcEduWay)
针对表:01120121(FuncModule)
针对表:01120756(qa_AnswerVer)
针对表:01120640(qa_Push)
针对表:01120642(qa_Questions)
针对表:01120643(qa_Paper)
针对表:01120167(cc_WorkStuRelation_Total)
针对表:01120354(cc_WorkStuRelation_TotalByQuType)
针对表:01120185(SourceType)
针对表:01120235(cc_ExamPaperStuRelation)
针对表:01120237(cc_ExamPaperQuestionTypeRela)
针对表:01120481(QxUserRoleRelation)
针对表:01120297(SenateGaugeVersion)
针对表:01120295(RecommendedDegree)
针对表:01120590(TopicUserRole)
针对表:01120723(gs_EduClsType)
针对表:01120578(PaperAttachment)
针对表:01120670(gs_PConcepRela)
针对表:01120671(gs_PSocialRela)
针对表:01120672(gs_PSkillRela)
针对表:01120673(gs_PTopicObjectiveRela)
针对表:01120674(gs_PViewpointRela)
针对表:01120547(PaperReadWrite)
针对表:01120930(JournalSubject)
针对表:01120545(RTViewpointRela)
针对表:01120591(ViewpointAttachment)
针对表:01120592(ViewpointCitation)
针对表:01120594(vViewpointCitation)
针对表:01120603(ConceptAttachment)
针对表:01120614(ObjectiveAttachment)
针对表:01120647(SysSkillVer)
针对表:01120648(TopicObjectiveVer)
针对表:01120649(ConceptVer)
针对表:01120650(ViewpointVer)
针对表:01120657(RTSysSocialRela)
针对表:01120663(gs_ResearchPlan)
针对表:01120772(gs_PaperReport)
针对表:01120686(gs_TeacherTask)
针对表:01120779(gs_ResearchResultAttachment)
针对表:01120844(gs_UserRelaPosition)
针对表:01120767(gs_AnswerCount)
针对表:01120726(sys_RequestPush)
针对表:01120700(gs_TotalDataRela)
针对表:01120683(gs_TotalDataStatistics)
针对表:01120628(SysScoreSummary)
针对表:01120773(gs_UserRela)
针对表:01120622(SysComment)
针对表:01120588(DiscussionTopics)
针对表:01120902(ge_ExaminationType)
针对表:01120899(ge_EventType)
针对表:01120900(ge_ControlType)
针对表:01120911(ge_OperationType)
针对表:01120913(ge_GameLevelChapterRela)
针对表:01120914(ge_ControlAttribute)
针对表:01120916(ge_ConnectLookChart)
针对表:01120880(BadgeType)
针对表:01120881(ge_UserBadgeLog)
针对表:01120882(ge_UserBadgeTtl)
针对表:01120883(ge_UserCreditsLog)
针对表:01120884(ge_UserCreditsTtl)
针对表:01120942(ge_UserLevelScore)
针对表:01120030(SchoolType)
针对表:01120048(OperateMode)
针对表:01120049(DDLTab)
针对表:01120191(InOutType)
针对表:01120196(WorkType)
针对表:01120325(FileServer)
针对表:01120753(TSysPara)
针对表:01120925(QxDepartmentType)
针对表:01120005(BatchRoleQSetRelation)
针对表:01120009(BatchRoleRelation)
针对表:01120011(ClassifyGather)
针对表:01120013(ClassifyFieldType)
针对表:01120014(GatherMode)
针对表:01120117(ExportExcel4Users)
针对表:01120119(SetFieldVisibility)
针对表:01120226(DataSynConfig)
针对表:01120924(QxDepartmentInfo)
针对表:01120227(Users_JT)
针对表:01120228(ManagedDepartment)
针对表:01120229(JobCategory)
针对表:01120309(UserType)
针对表:01120052(DDLTabUserRela)
针对表:01120033(UserRoleRelation)
针对表:01120046(UserBatchRela)
针对表:01120337(UserLog4Function)
针对表:01120275(CourseLearningCaseType)
针对表:01120365(CaseLearningLog)
针对表:01120901(ge_StructureSectionType)
针对表:01120085(UserFile)
针对表:01120290(VideoPlayLog)
针对表:01120291(VideoLikeLog)
针对表:01120317(MicroTeachCaseRelaInfoType)
针对表:01120322(MicroteachCase)
针对表:01120144(cc_Work)
针对表:01120200(Answer4Work)
针对表:01120531(AllDataType)
针对表:01120169(QxUserRightRela)
针对表:01120172(QxRightType)
针对表:01120173(QxRight)
针对表:01120175(QxRightRangeLevel)
针对表:01120178(QxUserRightDetail)
针对表:01120556(QxUserRoleRelation4Synch)
针对表:01120296(VideoLibType)
针对表:01120280(MessagePush)
针对表:01120460(AppraiseTypeKindSet)
针对表:01120462(ModuleSenateGaugeVersionRela)
针对表:01120304(UserPointRec)
针对表:01120313(TeachSkill)
针对表:01120315(Discipline)
针对表:01120326(FtpResource)
针对表:01120511(TeachCase_Resource_Rel)
针对表:01120512(TeachCaseRelaInfoType)
针对表:01120513(TeachCaseRelaInfo)
针对表:01120383(TeachCase)
针对表:01120575(CjGetScoreWay)
针对表:01120330(CjClsScoreTtl)
针对表:01120360(CurrEduClsTeacher4Synch)
针对表:01120514(TeachingCaseResCaseType)
针对表:01120440(TeachingTimeDistribution)
针对表:01120385(PubClassCase)
针对表:01120408(PubClassCase_Resource_Rel)
针对表:01120409(PubTeachCaseRelaInfo)
针对表:01120411(PubClassCaseSenate)
针对表:01120509(PubClassCaseSenateClass)
针对表:01120510(PubTeachCaseRelaInfoType)
针对表:01120519(CaseAddiSiteRela)
针对表:01120724(gs_RequestNotice)
共计生成文件数:0(共计表:343).
