生成日期：20241110092247(当前工程Id:0112, 用户：pyf)
针对表:01120058(vcc_Course)
针对表:01120213(vcc_CoursePro)
针对表:01120242(vcc_ExamPaperStuBatchRela)
针对表:01120236(vcc_ExamPaperStuRelation)
针对表:01120241(vcc_PaperStuBatchQuesRela)
针对表:01120244(vcc_PaperStuBatchQuesRela_Total)
针对表:01120198(vcc_WorkStuRelation)
针对表:01120168(vcc_WorkStuRelation_Total)
针对表:01120355(vcc_WorkStuRelation_TotalByQuType)
针对表:01120205(vcc_WorkStuRelation4Correct)
针对表:01120206(vcc_WorkStuRelation4ErrorLib)
针对表:01120225(vcc_WorkStuRelation4GoodLib)
针对表:01120199(vcc_WorkStuRelationScore)
针对表:01120269(vCourseLearningAppraise)
针对表:01120267(vCourseLearningCase)
针对表:01120268(vCourseLearningCase_Base)
针对表:01120434(vCourseLearningCase_Resource_Rel)
针对表:01120455(vCourseLearningCaseQuantitySenate)
针对表:01120270(vCourseLearningCaseRelaInfo)
针对表:01120472(vCourseLearningCaseWithResourceRel)
针对表:01120419(vCoursewareResCase)
针对表:01120496(vCoursewareResCase_Base)
针对表:01120432(vCoursewareResCase_Resource_Rel)
针对表:01120453(vCoursewareResCaseQuantitySenate)
针对表:01120395(vCoursewareResCaseRelaInfo)
针对表:01120127(vCurrEduClsStu)
针对表:01120224(vCurrEduClsStu4App)
针对表:01120181(vCurrEduClsStu4Correct)
针对表:01120540(vMajorCourseRela)
针对表:01120555(vMajorDirectionPaperRela)
针对表:01120132(vStudentInfo)
针对表:01120378(vTeachingCaseResCase)
针对表:01120515(vTeachingCaseResCase_Base)
针对表:01120425(vTeachingCaseResCase_Resource_Rel)
针对表:01120450(vTeachingCaseResCaseQuantitySenate)
针对表:01120394(vTeachingCaseResCaseRelaInfo)
针对表:01120372(vVideoResCase)
针对表:01120527(vVideoResCase_Base)
针对表:01120424(vVideoResCase_Resource_Rel)
针对表:01120448(vVideoResCaseQuantitySenate)
针对表:01120398(vVideoResCaseRelaInfo)
针对表:01120163(vXzAdminCls)
针对表:01120066(vXzMajor)
针对表:01120553(vXzMajorDirection)
针对表:01120420(vXzPhotoNews)
针对表:01120065(XzMajor)
针对表:01120093(TeacherInfo)
针对表:01120064(XzClg)
共计生成文件数:0(共计表:48).
