生成日期：20241123171049(当前工程Id:0112, 用户：pyf)
针对界面:01120157(StudentInfoCRUD,学生CRUD)
界面:01120157(StudentInfoCRUD,学生CRUD)有输入、输出相关表如下(表数:1):
1、表:01120131(StudentInfo)
针对界面:01120253(JxTeachingPlanCRUD,教学计划维护)
界面:01120253(JxTeachingPlanCRUD,教学计划维护)有输入、输出相关表如下(表数:1):
1、表:01120968(JxTeachingPlan)
针对界面:01120211(ge_StuBatchQuesRelaCRUD,学生批次题目关系CRUD)
界面:01120211(ge_StuBatchQuesRelaCRUD,学生批次题目关系CRUD)有输入、输出相关表如下(表数:1):
1、表:01120885(ge_StuBatchQuesRela)
针对界面:01120199(QuestionnaireCRUD,题目CRUD)
界面:01120199(QuestionnaireCRUD,题目CRUD)有输入、输出相关表如下(表数:1):
1、表:01120001(Questionnaire)
针对界面:01120228(tz_ContentAttachmentCRUD,内容附件CRUD)
界面:01120228(tz_ContentAttachmentCRUD,内容附件CRUD)有输入、输出相关表如下(表数:1):
1、表:01120207(tz_ContentAttachment)
针对界面:01120229(ge_GameLevelChapterRelaCRUD,游戏关卡章节关系表CRUD)
界面:01120229(ge_GameLevelChapterRelaCRUD,游戏关卡章节关系表CRUD)有输入、输出相关表如下(表数:1):
1、表:01120913(ge_GameLevelChapterRela)
针对界面:01120217(ge_StructureGraphCRUD,结构图谱表CRUD)
界面:01120217(ge_StructureGraphCRUD,结构图谱表CRUD)有输入、输出相关表如下(表数:1):
1、表:01120895(ge_StructureGraph)
针对界面:01120221(ge_StructureSectionCRUD,结构章节CRUD)
界面:01120221(ge_StructureSectionCRUD,结构章节CRUD)有输入、输出相关表如下(表数:1):
1、表:01120896(ge_StructureSection)
针对界面:01120224(ge_StructureSectionTypeCRUD,结构章节类型CRUD)
界面:01120224(ge_StructureSectionTypeCRUD,结构章节类型CRUD)有输入、输出相关表如下(表数:1):
1、表:01120901(ge_StructureSectionType)
针对界面:01120225(ge_GameLevelCRUD,游戏关卡表CRUD)
界面:01120225(ge_GameLevelCRUD,游戏关卡表CRUD)有输入、输出相关表如下(表数:1):
1、表:01120904(ge_GameLevel)
针对界面:01120226(ge_InspectProcessCRUD,检查过程表CRUD)
界面:01120226(ge_InspectProcessCRUD,检查过程表CRUD)有输入、输出相关表如下(表数:1):
1、表:01120910(ge_InspectProcess)
针对界面:01120209(ge_UserCreditsLogCRUD,用户积分日志CRUD)
界面:01120209(ge_UserCreditsLogCRUD,用户积分日志CRUD)有输入、输出相关表如下(表数:1):
1、表:01120883(ge_UserCreditsLog)
针对界面:01120212(ge_StuErrorLibCRUD,学生错误作业集CRUD)
界面:01120212(ge_StuErrorLibCRUD,学生错误作业集CRUD)有输入、输出相关表如下(表数:1):
1、表:01120887(ge_StuErrorLib)
针对界面:01120214(KnowledgeTypeCRUD,知识点类型CRUD)
界面:01120214(KnowledgeTypeCRUD,知识点类型CRUD)有输入、输出相关表如下(表数:1):
1、表:01120890(KnowledgeType)
针对界面:01120216(ge_KnowledgesUserMasterCRUD,知识点用户掌握CRUD)
界面:01120216(ge_KnowledgesUserMasterCRUD,知识点用户掌握CRUD)有输入、输出相关表如下(表数:1):
1、表:01120892(ge_KnowledgesUserMaster)
针对界面:01120213(cc_CourseChapterCRUD,课程章节CRUD)
界面:01120213(cc_CourseChapterCRUD,课程章节CRUD)有输入、输出相关表如下(表数:1):
1、表:01120060(cc_CourseChapter)
针对界面:01120201(UserAnswerResultCRUD,用户答题结果CRUD)
界面:01120201(UserAnswerResultCRUD,用户答题结果CRUD)有输入、输出相关表如下(表数:1):
1、表:01120032(UserAnswerResult)
针对界面:01120208(ge_UserBadgeTtlCRUD,用户徽章汇总CRUD)
界面:01120208(ge_UserBadgeTtlCRUD,用户徽章汇总CRUD)有输入、输出相关表如下(表数:1):
1、表:01120882(ge_UserBadgeTtl)
针对界面:01120210(ge_UserCreditsTtlCRUD,用户积分汇总CRUD)
界面:01120210(ge_UserCreditsTtlCRUD,用户积分汇总CRUD)有输入、输出相关表如下(表数:1):
1、表:01120884(ge_UserCreditsTtl)
针对界面:01120198(cc_CourseExamPaperRelationshipCRUD,题目与试卷关系CRUD)
界面:01120198(cc_CourseExamPaperRelationshipCRUD,题目与试卷关系CRUD)有输入、输出相关表如下(表数:1):
1、表:01120076(cc_CourseExamPaperRelationship)
针对界面:01120194(cc_ExamPaperStuBatchRelaCRUD,考卷与学生批次关系CRUD)
界面:01120194(cc_ExamPaperStuBatchRelaCRUD,考卷与学生批次关系CRUD)有输入、输出相关表如下(表数:1):
1、表:01120239(cc_ExamPaperStuBatchRela)
针对界面:01120195(CourseLearningCaseCRUD,课程学习案例CRUD)
界面:01120195(CourseLearningCaseCRUD,课程学习案例CRUD)有输入、输出相关表如下(表数:1):
1、表:01120274(CourseLearningCase)
针对界面:01120196(cc_CourseStudentRelationCRUD,课程学生关系CRUD)
界面:01120196(cc_CourseStudentRelationCRUD,课程学生关系CRUD)有输入、输出相关表如下(表数:1):
1、表:01120150(cc_CourseStudentRelation)
针对界面:01120197(cc_CourseTeacherRelationCRUD,课程教师关系CRUD)
界面:01120197(cc_CourseTeacherRelationCRUD,课程教师关系CRUD)有输入、输出相关表如下(表数:1):
1、表:01120097(cc_CourseTeacherRelation)
针对界面:01120185(cc_KnowledgesExamLibRelaCRUD,知识点习题关系CRUD)
界面:01120185(cc_KnowledgesExamLibRelaCRUD,知识点习题关系CRUD)有输入、输出相关表如下(表数:1):
1、表:01120140(cc_KnowledgesExamLibRela)
针对界面:01120190(cc_ExamPaperStuRelationCRUD,考卷与学生关系CRUD)
界面:01120190(cc_ExamPaperStuRelationCRUD,考卷与学生关系CRUD)有输入、输出相关表如下(表数:1):
1、表:01120235(cc_ExamPaperStuRelation)
针对界面:01120191(TeachingCaseResCaseCRUD,教学案例资源案例CRUD)
界面:01120191(TeachingCaseResCaseCRUD,教学案例资源案例CRUD)有输入、输出相关表如下(表数:1):
1、表:01120377(TeachingCaseResCase)
针对界面:01120192(KnowledgeLearnTotalCRUD,知识点学习汇总表CRUD)
界面:01120192(KnowledgeLearnTotalCRUD,知识点学习汇总表CRUD)有输入、输出相关表如下(表数:1):
1、表:01120155(KnowledgeLearnTotal)
针对界面:01120193(cc_CourseExamPaperCRUD,考卷CRUD)
界面:01120193(cc_CourseExamPaperCRUD,考卷CRUD)有输入、输出相关表如下(表数:1):
1、表:01120071(cc_CourseExamPaper)
针对界面:01120181(gs_KnowledgesGraphCRUD,知识点逻辑图CRUD)
界面:01120181(gs_KnowledgesGraphCRUD,知识点逻辑图CRUD)有输入、输出相关表如下(表数:1):
1、表:01120873(gs_KnowledgesGraph)
针对界面:01120182(gs_KnowledgesLogicCRUD,知识点逻辑CRUD)
界面:01120182(gs_KnowledgesLogicCRUD,知识点逻辑CRUD)有输入、输出相关表如下(表数:1):
1、表:01120872(gs_KnowledgesLogic)
针对界面:01120183(gs_KnowledgesLogicRelaCRUD,知识点逻辑关系表CRUD)
界面:01120183(gs_KnowledgesLogicRelaCRUD,知识点逻辑关系表CRUD)有输入、输出相关表如下(表数:1):
1、表:01120870(gs_KnowledgesLogicRela)
针对界面:01120180(cc_CourseKnowledgesCRUD,课程知识点CRUD)
界面:01120180(cc_CourseKnowledgesCRUD,课程知识点CRUD)有输入、输出相关表如下(表数:1):
1、表:01120082(cc_CourseKnowledges)
针对界面:01120083(UsersCRUD,用户CRUD)
界面:01120083(UsersCRUD,用户CRUD)有输入、输出相关表如下(表数:1):
1、表:01120034(Users)
针对界面:01120090(XzMajorDirectionCRUD,专业方向CRUD)
界面:01120090(XzMajorDirectionCRUD,专业方向CRUD)有输入、输出相关表如下(表数:1):
1、表:01120552(XzMajorDirection)
针对界面:01120094(MajorDirectionPaperRelaCRUD,专业方向论文关系CRUD)
界面:01120094(MajorDirectionPaperRelaCRUD,专业方向论文关系CRUD)有输入、输出相关表如下(表数:2):
1、表:01120554(MajorDirectionPaperRela)
1、表:01120555(vMajorDirectionPaperRela)
针对界面:01120143(gs_ReflectLogCRUD,反思日志CRUD)
界面:01120143(gs_ReflectLogCRUD,反思日志CRUD)有输入、输出相关表如下(表数:1):
1、表:01120702(gs_ReflectLog)
针对界面:01120239(ge_UserLevelScoreCRUD,用户闯关得分)
界面:01120239(ge_UserLevelScoreCRUD,用户闯关得分)有输入、输出相关表如下(表数:1):
1、表:01120942(ge_UserLevelScore)
针对界面:01120248(cc_KnowledgeModulesCRUD,知识点模块维护)
界面:01120248(cc_KnowledgeModulesCRUD,知识点模块维护)有输入、输出相关表如下(表数:1):
1、表:01120959(cc_KnowledgeModules)
针对界面:01120249(ge_KMLearningGoalsCRUD,知识点模块学习目标维护)
界面:01120249(ge_KMLearningGoalsCRUD,知识点模块学习目标维护)有输入、输出相关表如下(表数:1):
1、表:01120960(ge_KMLearningGoals)
针对界面:01120250(ge_KnowledgesClsMasterCRUD,知识点教学班掌握度维护)
界面:01120250(ge_KnowledgesClsMasterCRUD,知识点教学班掌握度维护)有输入、输出相关表如下(表数:1):
1、表:01120962(ge_KnowledgesClsMaster)
针对界面:01120238(QuestionnaireCRUD_List,题目CRUD)
界面:01120238(QuestionnaireCRUD_List,题目CRUD)有输入、输出相关表如下(表数:1):
1、表:01120001(Questionnaire)
针对界面:01120237(ge_GameLevelEduClsRelaCRUD,游戏关卡教学班关系)
界面:01120237(ge_GameLevelEduClsRelaCRUD,游戏关卡教学班关系)有输入、输出相关表如下(表数:1):
1、表:01120938(ge_GameLevelEduClsRela)
针对界面:01120207(ge_UserBadgeLogCRUD,用户徽章日志CRUD)
界面:01120207(ge_UserBadgeLogCRUD,用户徽章日志CRUD)有输入、输出相关表如下(表数:1):
1、表:01120881(ge_UserBadgeLog)
针对界面:01120219(ge_ExaminationCriteriaCRUD,题目检查标准表CRUD)
界面:01120219(ge_ExaminationCriteriaCRUD,题目检查标准表CRUD)有输入、输出相关表如下(表数:1):
1、表:01120898(ge_ExaminationCriteria)
针对界面:01120255(cc_KnowledgeStuTeachLogCRUD,cc_KnowledgeStuTeachLog维护)
界面:01120255(cc_KnowledgeStuTeachLogCRUD,cc_KnowledgeStuTeachLog维护)有输入、输出相关表如下(表数:1):
1、表:01120973(cc_KnowledgeStuTeachLog)
针对界面:01120075(CurrEduClsStuCRUD,教学班与学生关系表CRUD)
界面:01120075(CurrEduClsStuCRUD,教学班与学生关系表CRUD)有输入、输出相关表如下(表数:2):
1、表:01120125(CurrEduClsStu)
1、表:01120127(vCurrEduClsStu)
针对界面:01120118(CurrEduClsCRUD,当前教学班CRUD)
界面:01120118(CurrEduClsCRUD,当前教学班CRUD)有输入、输出相关表如下(表数:2):
1、表:01120123(CurrEduCls)
1、表:01120126(vCurrEduCls)
针对界面:01120119(CurrEduClsTeacherCRUD,当前教学班教师CRUD)
界面:01120119(CurrEduClsTeacherCRUD,当前教学班教师CRUD)有输入、输出相关表如下(表数:2):
1、表:01120124(CurrEduClsTeacher)
1、表:01120128(vCurrEduClsTeacher)
针对界面:01120122(TeacherInfoCRUD,教师CRUD)
界面:01120122(TeacherInfoCRUD,教师CRUD)有输入、输出相关表如下(表数:1):
1、表:01120093(TeacherInfo)
针对界面:01120220(ge_InspectionResultsCRUD,编程检查结果表CRUD)
界面:01120220(ge_InspectionResultsCRUD,编程检查结果表CRUD)有输入、输出相关表如下(表数:1):
1、表:01120897(ge_InspectionResults)
针对界面:01120222(ge_ControlTypeCRUD,控件类型CRUD)
界面:01120222(ge_ControlTypeCRUD,控件类型CRUD)有输入、输出相关表如下(表数:1):
1、表:01120900(ge_ControlType)
针对界面:01120223(ge_EventTypeCRUD,事件类型表CRUD)
界面:01120223(ge_EventTypeCRUD,事件类型表CRUD)有输入、输出相关表如下(表数:1):
1、表:01120899(ge_EventType)
针对界面:01120230(ge_ControlAttributeCRUD,属性表CRUD)
界面:01120230(ge_ControlAttributeCRUD,属性表CRUD)有输入、输出相关表如下(表数:1):
1、表:01120914(ge_ControlAttribute)
针对界面:01120256(GameBottleCRUD,GameBottle维护)
界面:01120256(GameBottleCRUD,GameBottle维护)有输入、输出相关表如下(表数:1):
1、表:01120974(GameBottle)
针对界面:01120203(MicroTeachCaseRelaInfoCRUD,微格案例相关信息CRUD)
界面:01120203(MicroTeachCaseRelaInfoCRUD,微格案例相关信息CRUD)有输入、输出相关表如下(表数:1):
1、表:01120318(MicroTeachCaseRelaInfo)
针对界面:01120204(PubTeachCaseRelaInfoCRUD,公开课案例相关信息CRUD)
界面:01120204(PubTeachCaseRelaInfoCRUD,公开课案例相关信息CRUD)有输入、输出相关表如下(表数:1):
1、表:01120409(PubTeachCaseRelaInfo)
针对界面:01120205(ResourceCRUD,资源CRUD)
界面:01120205(ResourceCRUD,资源CRUD)有输入、输出相关表如下(表数:1):
1、表:01120320(Resource)
针对界面:01120206(BadgeTypeCRUD,徽章类型CRUD)
界面:01120206(BadgeTypeCRUD,徽章类型CRUD)有输入、输出相关表如下(表数:1):
1、表:01120880(BadgeType)
针对界面:01120215(KnowledgeMasterLevelCRUD,知识点掌握度CRUD)
界面:01120215(KnowledgeMasterLevelCRUD,知识点掌握度CRUD)有输入、输出相关表如下(表数:1):
1、表:01120891(KnowledgeMasterLevel)
针对界面:01120072(cc_CourseCRUD,课程CRUD)
界面:01120072(cc_CourseCRUD,课程CRUD)有输入、输出相关表如下(表数:2):
1、表:01120056(cc_Course)
1、表:01120058(vcc_Course)
针对界面:01120117(XzMajorCRUD,专业CRUD)
界面:01120117(XzMajorCRUD,专业CRUD)有输入、输出相关表如下(表数:2):
1、表:01120065(XzMajor)
1、表:01120066(vXzMajor)
针对界面:01120187(LearnModeCRUD,学习模式CRUD)
界面:01120187(LearnModeCRUD,学习模式CRUD)有输入、输出相关表如下(表数:1):
1、表:01120154(LearnMode)
针对界面:01120202(TeachCaseRelaInfoCRUD,案例相关信息CRUD)
界面:01120202(TeachCaseRelaInfoCRUD,案例相关信息CRUD)有输入、输出相关表如下(表数:1):
1、表:01120513(TeachCaseRelaInfo)
针对界面:01120184(gs_RelaTypeCRUD,知识点关系类型表CRUD)
界面:01120184(gs_RelaTypeCRUD,知识点关系类型表CRUD)有输入、输出相关表如下(表数:1):
1、表:01120871(gs_RelaType)
针对界面:01120254(JxTeachPlanKnowledgeCRUD,教学计划知识点维护)
界面:01120254(JxTeachPlanKnowledgeCRUD,教学计划知识点维护)有输入、输出相关表如下(表数:1):
1、表:01120971(JxTeachPlanKnowledge)
针对界面:01120242(LoginLogCRUD,登录日志维护)
界面:01120242(LoginLogCRUD,登录日志维护)有输入、输出相关表如下(表数:1):
1、表:01120357(LoginLog)
针对界面:01120139(gs_TeachingDateCRUD,教学班日期范围CRUD)
界面:01120139(gs_TeachingDateCRUD,教学班日期范围CRUD)有输入、输出相关表如下(表数:2):
1、表:01120684(gs_TeachingDate)
1、表:01120687(vgs_TeachingDate)
针对界面:01120186(KnowledgeLearnDetailCRUD,知识点学习情况CRUD)
界面:01120186(KnowledgeLearnDetailCRUD,知识点学习情况CRUD)有输入、输出相关表如下(表数:1):
1、表:01120153(KnowledgeLearnDetail)
针对界面:01120227(AnswerCRUD,答案CRUD)
界面:01120227(AnswerCRUD,答案CRUD)有输入、输出相关表如下(表数:1):
1、表:01120002(Answer)
针对界面:01120200(QuestionOptionsCRUD,题目选项CRUD)
界面:01120200(QuestionOptionsCRUD,题目选项CRUD)有输入、输出相关表如下(表数:1):
1、表:01120188(QuestionOptions)
共计生成文件数:781(共计：781个界面文件, 0个表文件)(界面数:71, 相关表数:77).
